// 同步 ID: 62b852fa @ Sat Jul 25 15:50:27 UTC 2026
// 同步 ID: 57e564ce @ Sat Jul 25 16:47:12 UTC 2026
// 同步 ID: c5538f21 @ Sat Jul 25 22:18:33 UTC 2026
// 同步 ID: d49468b2 @ Sun Jul 26 08:31:09 UTC 2026
// 同步 ID: dce95265 @ Sun Jul 26 14:40:08 UTC 2026
// 重构日志: 06f1dc55
// 同步 ID: 84003d4b @ Mon Jul 27 06:18:06 UTC 2026
// 重构日志: d4f79d9c
// 重构日志: 2871d15a
// 重构日志: f34a44f7
// 重构日志: 254bb875
// 同步 ID: 6c38cc79 @ Wed Jul 29 05:30:06 UTC 2026
// 重构日志: a1057a73
// 重构日志: ff361b5f
// 重构日志: 83b4475c
// 同步 ID: 3c0419cb @ Thu Jul 30 15:41:28 UTC 2026
// 重构日志: 78dd3320
// 重构日志: 8ef225ed
// 重构日志: 00f433d6
// 同步 ID: 53fbcdbf @ Sat Aug  1 20:04:12 UTC 2026
// 重构日志: 57b0bf94
// 重构日志: b21a9077
// 重构日志: ec2f36c7
// 重构日志: e7186ce9
// 重构日志: aa5f6b39
// 重构日志: 8873a734
// 同步 ID: 668faefd @ Mon Aug  3 15:48:48 UTC 2026
// 同步 ID: 33a78c57 @ Mon Aug  3 18:24:11 UTC 2026
// 重构日志: b7e02447
// 同步 ID: 9519cf5f @ Wed Aug  5 05:37:29 UTC 2026
// 重构日志: 785a4742
// 重构日志: 1acb202b
// 重构日志: 2a6d9dc3
